切换为增量回收，耗时：  0.001ms
当前内存限制： 34.533M
切换为分代回收，耗时： 17.937ms
增量	 17.988ms	 75.351M
增量步进率：5，步进值：  0.017M
增量	  2.323ms	 75.369M
增量步进率：24，步进值：  0.084M
增量	  7.538ms	 75.387M
增量步进率：25，步进值：  0.087M
增量	  4.606ms	 75.399M
增量步进率：26，步进值：  0.091M
增量	  7.966ms	 72.903M
增量步进率：26，步进值：  0.091M
完成了一次增量周期
增量	 15.039ms	 53.103M
增量步进率：26，步进值：  0.091M
增量	  0.036ms	 53.138M
增量步进率：27，步进值：  0.094M
增量	  0.033ms	 53.151M
增量步进率：28，步进值：  0.098M
增量	  0.036ms	 75.078M
增量步进率：41，步进值：  0.141M
增量	  0.069ms	 75.120M
增量步进率：42，步进值：  0.145M
增量	  0.055ms	 75.160M
增量步进率：43，步进值：  0.149M
增量	  0.044ms	 75.204M
增量步进率：44，步进值：  0.152M
增量	  0.044ms	 75.223M
增量步进率：45，步进值：  0.156M
增量	  0.046ms	 75.245M
增量步进率：46，步进值：  0.159M
增量	  0.062ms	 75.265M
增量步进率：47，步进值：  0.163M
增量	  0.040ms	 75.288M
增量步进率：48，步进值：  0.166M
增量	  0.041ms	 75.308M
增量步进率：49，步进值：  0.170M
增量	  0.036ms	 75.336M
增量步进率：50，步进值：  0.173M
增量	  0.038ms	 75.357M
增量步进率：51，步进值：  0.177M
增量	  0.042ms	 75.378M
增量步进率：52，步进值：  0.180M
增量	  0.047ms	 75.398M
增量步进率：53，步进值：  0.184M
增量	  0.061ms	 75.423M
增量步进率：54，步进值：  0.187M
增量	  0.049ms	 75.442M
增量步进率：55，步进值：  0.191M
增量	  0.049ms	 75.462M
增量步进率：56，步进值：  0.194M
增量	  0.056ms	 75.480M
增量步进率：57，步进值：  0.198M
增量	  6.674ms	 75.502M
增量步进率：58，步进值：  0.201M
增量	  9.712ms	 75.522M
增量步进率：59，步进值：  0.205M
增量	 25.061ms	 69.568M
增量步进率：59，步进值：  0.205M
完成了一次增量周期
增量	  1.961ms	 69.578M
增量步进率：60，步进值：  0.208M
增量	  0.040ms	 69.595M
增量步进率：61，步进值：  0.212M
增量	  0.041ms	 69.619M
增量步进率：62，步进值：  0.215M
增量	  0.046ms	 69.638M
增量步进率：63，步进值：  0.219M
增量	  0.037ms	 69.660M
增量步进率：64，步进值：  0.222M
增量	  0.036ms	 69.679M
增量步进率：65，步进值：  0.226M
增量	  0.039ms	 69.701M
增量步进率：66，步进值：  0.229M
增量	  0.037ms	 69.723M
增量步进率：67，步进值：  0.233M
增量	  0.046ms	 69.747M
增量步进率：68，步进值：  0.236M
增量	  0.041ms	 69.767M
增量步进率：69，步进值：  0.240M
增量	  0.045ms	 69.795M
增量步进率：70，步进值：  0.243M
增量	  0.049ms	 69.817M
增量步进率：71，步进值：  0.247M
增量	  0.043ms	 69.837M
增量步进率：73，步进值：  0.250M
增量	  0.039ms	 69.859M
增量步进率：74，步进值：  0.254M
增量	  0.039ms	 69.877M
增量步进率：75，步进值：  0.257M
增量	  0.035ms	 69.901M
增量步进率：76，步进值：  0.261M
增量	  0.035ms	 69.919M
增量步进率：77，步进值：  0.265M
增量	  0.032ms	 69.937M
增量步进率：78，步进值：  0.268M
增量	  0.042ms	 69.956M
增量步进率：79，步进值：  0.272M
增量	  0.038ms	 69.978M
增量步进率：80，步进值：  0.275M
增量	  0.034ms	 69.997M
增量步进率：81，步进值：  0.279M
增量	  0.038ms	 70.019M
增量步进率：82，步进值：  0.282M
增量	  0.037ms	 70.039M
增量步进率：83，步进值：  0.286M
增量	  0.036ms	 70.060M
增量步进率：84，步进值：  0.289M
增量	  0.040ms	 70.079M
增量步进率：85，步进值：  0.293M
增量	  0.033ms	 70.099M
增量步进率：86，步进值：  0.296M
增量	  0.042ms	 70.117M
增量步进率：87，步进值：  0.300M
增量	  0.037ms	 70.136M
增量步进率：88，步进值：  0.303M
增量	  0.035ms	 70.159M
增量步进率：89，步进值：  0.307M
增量	  0.043ms	 70.177M
增量步进率：90，步进值：  0.310M
增量	  0.035ms	 70.195M
增量步进率：91，步进值：  0.314M
增量	  0.034ms	 70.213M
增量步进率：92，步进值：  0.318M
增量	  0.033ms	 70.235M
增量步进率：93，步进值：  0.321M
增量	  0.039ms	 70.253M
增量步进率：94，步进值：  0.325M
增量	  0.033ms	 70.273M
增量步进率：95，步进值：  0.328M
增量	  0.043ms	 70.292M
增量步进率：96，步进值：  0.332M
增量	  0.037ms	 70.313M
增量步进率：97，步进值：  0.335M
增量	  0.035ms	 70.333M
增量步进率：98，步进值：  0.339M
增量	  0.047ms	 70.351M
增量步进率：99，步进值：  0.342M
增量	  0.041ms	 70.370M
增量步进率：100，步进值：  0.346M
增量	  0.041ms	 70.392M
增量步进率：101，步进值：  0.349M
增量	  0.049ms	 70.412M
增量步进率：102，步进值：  0.353M
增量	  0.041ms	 70.430M
增量步进率：103，步进值：  0.357M
增量	  0.038ms	 70.450M
增量步进率：104，步进值：  0.360M
增量	  0.040ms	 70.469M
增量步进率：105，步进值：  0.364M
增量	  0.037ms	 70.490M
增量步进率：106，步进值：  0.367M
增量	  0.036ms	 70.508M
增量步进率：107，步进值：  0.371M
增量	  0.036ms	 70.526M
增量步进率：108，步进值：  0.374M
增量	  0.040ms	 70.544M
增量步进率：109，步进值：  0.378M
增量	  0.040ms	 70.568M
增量步进率：110，步进值：  0.381M
增量	  0.033ms	 70.587M
增量步进率：111，步进值：  0.385M
增量	  0.035ms	 70.605M
增量步进率：113，步进值：  0.389M
增量	  0.032ms	 70.625M
增量步进率：114，步进值：  0.392M
增量	  0.035ms	 70.646M
增量步进率：115，步进值：  0.396M
增量	  0.040ms	 70.665M
增量步进率：116，步进值：  0.399M
增量	  0.035ms	 70.685M
增量步进率：117，步进值：  0.403M
增量	  0.044ms	 70.705M
增量步进率：118，步进值：  0.406M
增量	  0.037ms	 70.724M
增量步进率：119，步进值：  0.410M
增量	  0.058ms	 70.746M
增量步进率：120，步进值：  0.414M
增量	  0.035ms	 70.765M
增量步进率：121，步进值：  0.417M
增量	  0.050ms	 70.783M
增量步进率：122，步进值：  0.421M
增量	  0.040ms	 70.801M
增量步进率：123，步进值：  0.424M
增量	  0.032ms	 70.822M
增量步进率：124，步进值：  0.428M
增量	  0.040ms	 70.841M
增量步进率：125，步进值：  0.431M
增量	  0.039ms	 70.860M
增量步进率：126，步进值：  0.435M
增量	  0.030ms	 70.879M
增量步进率：127，步进值：  0.438M
增量	  0.032ms	 70.923M
增量步进率：128，步进值：  0.442M
增量	  0.035ms	 70.946M
增量步进率：129，步进值：  0.446M
增量	  0.033ms	 70.970M
增量步进率：130，步进值：  0.449M
增量	  0.033ms	 70.994M
增量步进率：131，步进值：  0.453M
增量	  0.033ms	 71.021M
增量步进率：132，步进值：  0.457M
增量	  0.033ms	 71.048M
增量步进率：133，步进值：  0.460M
增量	  0.038ms	 71.069M
增量步进率：134，步进值：  0.464M
增量	  0.033ms	 71.095M
增量步进率：135，步进值：  0.467M
增量	  0.031ms	 71.118M
增量步进率：136，步进值：  0.471M
增量	  0.035ms	 71.144M
增量步进率：137，步进值：  0.475M
增量	  0.032ms	 71.169M
增量步进率：139，步进值：  0.478M
增量	  0.042ms	 71.196M
增量步进率：140，步进值：  0.482M
增量	  0.033ms	 71.218M
增量步进率：141，步进值：  0.486M
增量	  0.046ms	 71.244M
增量步进率：142，步进值：  0.489M
增量	  0.030ms	 71.269M
增量步进率：143，步进值：  0.493M
增量	  0.035ms	 71.289M
增量步进率：144，步进值：  0.496M
增量	  0.035ms	 71.317M
增量步进率：145，步进值：  0.500M
增量	  0.031ms	 71.343M
增量步进率：146，步进值：  0.504M
增量	  0.035ms	 71.371M
增量步进率：147，步进值：  0.507M
增量	  0.033ms	 71.394M
增量步进率：148，步进值：  0.511M
增量	  0.045ms	 71.416M
增量步进率：149，步进值：  0.515M
增量	  0.032ms	 71.436M
增量步进率：150，步进值：  0.518M
增量	 21.628ms	 71.454M
增量步进率：151，步进值：  0.522M
完成了一次增量周期
增量	 23.456ms	 69.633M
增量步进率：151，步进值：  0.522M
增量	  0.036ms	 69.652M
增量步进率：152，步进值：  0.525M
增量	  0.040ms	 69.670M
增量步进率：153，步进值：  0.529M
增量	  0.041ms	 69.690M
增量步进率：154，步进值：  0.533M
增量	  0.036ms	 69.709M
增量步进率：155，步进值：  0.536M
增量	  0.040ms	 69.729M
增量步进率：156，步进值：  0.540M
增量	  0.046ms	 69.748M
增量步进率：157，步进值：  0.543M
增量	  0.022ms	 72.904M
增量步进率：165，步进值：  0.571M
增量	  0.045ms	 72.924M
增量步进率：167，步进值：  0.575M
增量	  0.037ms	 72.947M
增量步进率：168，步进值：  0.579M
增量	  0.039ms	 73.092M
增量步进率：169，步进值：  0.583M
增量	  0.036ms	 73.115M
增量步进率：170，步进值：  0.587M
增量	  0.039ms	 73.135M
增量步进率：171，步进值：  0.591M
增量	  0.037ms	 73.183M
增量步进率：172，步进值：  0.594M
增量	  0.036ms	 73.227M
增量步进率：173，步进值：  0.598M
增量	  0.036ms	 73.246M
增量步进率：174，步进值：  0.602M
增量	  0.016ms	 74.943M
增量步进率：179，步进值：  0.619M
增量	 45.686ms	 108.809M
增量步进率：261，步进值：  0.902M
完成了一次增量周期
增量	 38.612ms	 105.417M
增量步进率：261，步进值：  0.902M
增量	  0.033ms	 106.304M
增量步进率：265，步进值：  0.913M
增量	  0.048ms	 107.437M
增量步进率：268，步进值：  0.927M
增量	  0.035ms	 108.427M
增量步进率：272，步进值：  0.939M
增量	  0.038ms	 109.456M
增量步进率：275，步进值：  0.951M
增量	  0.032ms	 118.345M
增量步进率：299，步进值：  1.032M
增量	  0.056ms	 123.268M
增量步进率：312，步进值：  1.078M
增量	  0.041ms	 127.769M
增量步进率：325，步进值：  1.121M
增量	  0.029ms	 132.932M
增量步进率：339，步进值：  1.170M
增量	  0.046ms	 134.181M
增量步进率：343，步进值：  1.184M
增量	  0.036ms	 135.037M
增量步进率：346，步进值：  1.195M
增量	  0.034ms	 136.189M
增量步进率：350，步进值：  1.209M
增量	  0.033ms	 137.156M
增量步进率：353，步进值：  1.221M
增量	  0.018ms	 137.990M
增量步进率：357，步进值：  1.232M
增量	  0.039ms	 138.163M
增量步进率：358，步进值：  1.237M
增量	  0.034ms	 138.211M
增量步进率：359，步进值：  1.240M
增量	  0.033ms	 138.251M
增量步进率：360，步进值：  1.244M
增量	 74.986ms	 132.007M
增量步进率：360，步进值：  1.244M
完成了一次增量周期
增量	 21.760ms	 131.986M
增量步进率：360，步进值：  1.244M
增量	  0.034ms	 132.028M
增量步进率：361，步进值：  1.248M
增量	  0.033ms	 132.073M
增量步进率：363，步进值：  1.252M
增量	  0.032ms	 132.105M
增量步进率：364，步进值：  1.256M
增量	  0.029ms	 132.156M
增量步进率：365，步进值：  1.260M
增量	  0.032ms	 132.200M
增量步进率：366，步进值：  1.264M
增量	  0.038ms	 132.242M
增量步进率：367，步进值：  1.267M
增量	  0.029ms	 132.286M
增量步进率：368，步进值：  1.271M
增量	  0.037ms	 132.397M
增量步进率：369，步进值：  1.276M
增量	  0.033ms	 132.456M
增量步进率：371，步进值：  1.280M
增量	  0.037ms	 132.505M
增量步进率：372，步进值：  1.284M
增量	  0.036ms	 132.540M
增量步进率：373，步进值：  1.288M
增量	  0.056ms	 132.597M
增量步进率：374，步进值：  1.292M
增量	  0.036ms	 132.639M
增量步进率：375，步进值：  1.295M
增量	  0.048ms	 132.679M
增量步进率：376，步进值：  1.299M
增量	  0.034ms	 132.738M
增量步进率：377，步进值：  1.303M
增量	  0.037ms	 132.775M
增量步进率：379，步进值：  1.307M
增量	  0.045ms	 132.816M
增量步进率：380，步进值：  1.311M
增量	  0.036ms	 132.860M
增量步进率：381，步进值：  1.315M
增量	  0.034ms	 132.938M
增量步进率：382，步进值：  1.319M
增量	  0.040ms	 132.973M
增量步进率：383，步进值：  1.323M
增量	  0.037ms	 133.020M
增量步进率：384，步进值：  1.327M
增量	  0.038ms	 133.068M
增量步进率：385，步进值：  1.331M
增量	  0.035ms	 133.114M
增量步进率：386，步进值：  1.335M
增量	  0.030ms	 133.157M
增量步进率：388，步进值：  1.339M
增量	  0.019ms	 133.290M
增量步进率：389，步进值：  1.343M
增量	  0.041ms	 133.407M
增量步进率：390，步进值：  1.348M
增量	  0.037ms	 133.756M
增量步进率：392，步进值：  1.355M
增量	  0.026ms	 134.090M
增量步进率：394，步进值：  1.362M
增量	  0.045ms	 134.136M
增量步进率：395，步进值：  1.366M
增量	  0.035ms	 134.230M
增量步进率：397，步进值：  1.370M
增量	  0.033ms	 134.323M
增量步进率：398，步进值：  1.375M
增量	  0.039ms	 134.576M
增量步进率：400，步进值：  1.381M
增量	  0.030ms	 134.698M
增量步进率：401，步进值：  1.385M
增量	  0.034ms	 134.777M
增量步进率：402，步进值：  1.390M
增量	  0.031ms	 134.930M
增量步进率：404，步进值：  1.395M
增量	  0.030ms	 135.012M
增量步进率：405，步进值：  1.399M
增量	  0.043ms	 135.076M
增量步进率：406，步进值：  1.403M
增量	  0.039ms	 135.127M
增量步进率：407，步进值：  1.407M
增量	  0.043ms	 135.179M
增量步进率：409，步进值：  1.411M
增量	  0.028ms	 135.400M
增量步进率：410，步进值：  1.417M
增量	  0.035ms	 135.440M
增量步进率：411，步进值：  1.421M
增量	  0.033ms	 135.488M
增量步进率：413，步进值：  1.425M
增量	  0.034ms	 135.630M
增量步进率：414，步进值：  1.430M
增量	  0.035ms	 135.767M
增量步进率：415，步进值：  1.434M
增量	 36.362ms	 135.817M
增量步进率：417，步进值：  1.438M
完成了一次增量周期
切换为分代	 55.317ms	 131.865M
切换为增量回收，耗时： 82.867ms
当前内存限制： 263.592M
分代	 82.917ms	 131.796M
